molstar_commit|1b8117d3f10f7c978aabb5a0d3d47370635aefe4
molstar_source|artifacts/molstar/src/mol-io/reader/cif/binary/parser.ts:21-52
molstar_source|artifacts/molstar/src/mol-io/reader/cif/binary/field.ts:15-57
molstar_source|artifacts/molstar/src/mol-data/db/column.ts:100-115
fixture|assembly-altloc-helix.bcif
category|assembly-altloc-helix.bcif|entry|rows=1|columns=id
category|assembly-altloc-helix.bcif|exptl|rows=1|columns=method
category|assembly-altloc-helix.bcif|entity|rows=1|columns=id,type,pdbx_description
category|assembly-altloc-helix.bcif|entity_poly|rows=1|columns=entity_id,type,pdbx_seq_one_letter_code,nstd_linkage,nstd_monomer
category|assembly-altloc-helix.bcif|entity_poly_seq|rows=3|columns=entity_id,num,mon_id,hetero
category|assembly-altloc-helix.bcif|struct_asym|rows=1|columns=id,entity_id,details
category|assembly-altloc-helix.bcif|pdbx_entity_branch|rows=1|columns=entity_id,type
category|assembly-altloc-helix.bcif|pdbx_entity_branch_link|rows=1|columns=link_id,details,entity_id,entity_branch_list_num_1,entity_branch_list_num_2,comp_id_1,comp_id_2,atom_id_1,leaving_atom_id_1,atom_stereo_config_1,atom_id_2,leaving_atom_id_2,atom_stereo_config_2,value_order
category|assembly-altloc-helix.bcif|pdbx_branch_scheme|rows=1|columns=entity_id,hetero,asym_id,mon_id,num,pdb_asym_id,pdb_seq_num,pdb_mon_id,auth_asym_id,auth_seq_num,auth_mon_id
category|assembly-altloc-helix.bcif|pdbx_nonpoly_scheme|rows=1|columns=asym_id,entity_id,mon_id,pdb_strand_id,ndb_seq_num,pdb_seq_num,auth_seq_num,pdb_mon_id,auth_mon_id,pdb_ins_code
category|assembly-altloc-helix.bcif|pdbx_poly_seq_scheme|rows=1|columns=asym_id,entity_id,seq_id,mon_id,ndb_seq_num,pdb_seq_num,auth_seq_num,pdb_mon_id,auth_mon_id,pdb_strand_id,pdb_ins_code,hetero
category|assembly-altloc-helix.bcif|chem_comp|rows=3|columns=id,name,type,formula,formula_weight,one_letter_code,three_letter_code,mon_nstd_flag,pdbx_synonyms,pdbx_formal_charge,pdbx_initial_date,pdbx_modified_date,pdbx_ambiguous_flag,pdbx_release_status
category|assembly-altloc-helix.bcif|chem_comp_atom|rows=5|columns=comp_id,atom_id,alt_atom_id,type_symbol,charge,pdbx_aromatic_flag,pdbx_leaving_atom_flag,pdbx_stereo_config,model_Cartn_x,model_Cartn_y,model_Cartn_z,pdbx_model_Cartn_x_ideal,pdbx_model_Cartn_y_ideal,pdbx_model_Cartn_z_ideal
category|assembly-altloc-helix.bcif|chem_comp_bond|rows=4|columns=comp_id,atom_id_1,atom_id_2,value_order,pdbx_aromatic_flag,pdbx_stereo_config,pdbx_ordinal
category|assembly-altloc-helix.bcif|chem_comp_angle|rows=2|columns=comp_id,atom_id_1,atom_id_2,atom_id_3,value_angle,value_angle_esd
category|assembly-altloc-helix.bcif|atom_site|rows=14|columns=group_PDB,id,type_symbol,label_atom_id,auth_atom_id,label_alt_id,label_comp_id,auth_comp_id,label_asym_id,auth_asym_id,label_entity_id,label_seq_id,auth_seq_id,pdbx_PDB_ins_code,Cartn_x,Cartn_y,Cartn_z,occupancy,B_iso_or_equiv,pdbx_formal_charge,pdbx_PDB_model_num,ihm_model_id
category|assembly-altloc-helix.bcif|atom_site_anisotrop|rows=1|columns=id,U[1][1],U[1][2],U[1][3],U[2][1],U[2][2],U[2][3],U[3][1],U[3][2],U[3][3]
category|assembly-altloc-helix.bcif|struct_conn|rows=12|columns=id,conn_type_id,ptnr1_label_asym_id,ptnr1_label_seq_id,pdbx_ptnr1_PDB_ins_code,ptnr1_label_atom_id,ptnr2_label_asym_id,ptnr2_label_seq_id,pdbx_ptnr2_PDB_ins_code,ptnr2_label_atom_id
category|assembly-altloc-helix.bcif|struct_conf|rows=1|columns=conf_type_id,id,beg_label_comp_id,beg_label_asym_id,beg_label_seq_id,pdbx_beg_PDB_ins_code,end_label_comp_id,end_label_asym_id,end_label_seq_id,pdbx_end_PDB_ins_code,pdbx_PDB_helix_class,details
category|assembly-altloc-helix.bcif|struct_sheet_range|rows=1|columns=sheet_id,id,beg_label_asym_id,beg_label_seq_id,pdbx_beg_PDB_ins_code,end_label_asym_id,end_label_seq_id,pdbx_end_PDB_ins_code
category|assembly-altloc-helix.bcif|pdbx_struct_assembly|rows=1|columns=id,details
category|assembly-altloc-helix.bcif|pdbx_struct_assembly_gen|rows=1|columns=assembly_id,oper_expression,asym_id_list
category|assembly-altloc-helix.bcif|pdbx_struct_oper_list|rows=2|columns=id,type,matrix[1][1],matrix[1][2],matrix[1][3],vector[1],matrix[2][1],matrix[2][2],matrix[2][3],vector[2],matrix[3][1],matrix[3][2],matrix[3][3],vector[3]
typed|assembly-altloc-helix.bcif|entry.id|kind=string|rows=1|valueKind=0|str=assembly-altloc-helix
typed|assembly-altloc-helix.bcif|pdbx_entity_branch_link.link_id|kind=int|rows=1|valueKind=0|str=1|int=1
typed|assembly-altloc-helix.bcif|atom_site.id|kind=int|rows=14|valueKind=0,0,0|str=1,2,14|int=1,2,14
typed|assembly-altloc-helix.bcif|atom_site.Cartn_x|kind=float|rows=14|valueKind=0,0,0|str=0,1.45,7.7|float=0,1.45,7.7
typed|assembly-altloc-helix.bcif|atom_site.auth_atom_id|kind=string|rows=14|valueKind=0,0,0|str=NX,CAX,OX
typed|assembly-altloc-helix.bcif|atom_site.pdbx_PDB_ins_code|kind=string|rows=14|valueKind=0,0,0|str=A,.,B
typed|assembly-altloc-helix.bcif|chem_comp.formula_weight|kind=float|rows=3|valueKind=0,0,0|str=89.09,105.09,75.07|float=89.09,105.09,75.07
typed|assembly-altloc-helix.bcif|chem_comp_bond.pdbx_ordinal|kind=int|rows=4|valueKind=0,0,0|str=101,102,104|int=101,102,104
fixture|ihm-only.bcif
category|ihm-only.bcif|ihm_model_list|rows=1|columns=model_id,model_name,assembly_id,protocol_id,representation_id
category|ihm-only.bcif|ihm_model_group|rows=1|columns=id,name,details
category|ihm-only.bcif|ihm_model_group_link|rows=1|columns=model_id,group_id
category|ihm-only.bcif|ihm_sphere_obj_site|rows=1|columns=id,entity_id,asym_id,seq_id_begin,seq_id_end,Cartn_x,Cartn_y,Cartn_z,object_radius
category|ihm-only.bcif|ihm_gaussian_obj_site|rows=1|columns=id,entity_id,asym_id,seq_id_begin,seq_id_end,mean_Cartn_x,mean_Cartn_y,mean_Cartn_z,weight,covariance_matrix[1][1],covariance_matrix[1][2],covariance_matrix[1][3],covariance_matrix[2][1],covariance_matrix[2][2],covariance_matrix[2][3],covariance_matrix[3][1],covariance_matrix[3][2],covariance_matrix[3][3]
category|ihm-only.bcif|ihm_cross_link_restraint|rows=1|columns=id,group_id,entity_id_1,entity_id_2,asym_id_1,asym_id_2,comp_id_1,comp_id_2,seq_id_1,seq_id_2,atom_id_1,atom_id_2,restraint_type,conditional_crosslink_flag,model_granularity,distance_threshold,psi,sigma_1,sigma_2
typed|ihm-only.bcif|ihm_model_list.model_id|kind=int|rows=1|valueKind=0|str=1|int=1
typed|ihm-only.bcif|ihm_sphere_obj_site.object_radius|kind=float|rows=1|valueKind=0|str=2|float=2
typed|ihm-only.bcif|ihm_cross_link_restraint.distance_threshold|kind=float|rows=1|valueKind=0|str=25|float=25
mask|synthetic-int|valueKind=0,1,2|str=11,,|int=11,22,33
